#-----------------------------------------------------------
# Vivado v2022.2 (64-bit)
# SW Build 3671981 on Fri Oct 14 05:00:03 MDT 2022
# IP Build 3669848 on Fri Oct 14 08:30:02 MDT 2022
# Start of session at: Tue Mar 21 09:36:34 2023
# Process ID: 16584
# Current directory: C:/Users/matte/Desktop/MAGISTRALE/I Anno/Electronic and Communication Systems/Electronic/Progetto/GitHub/SRRC_FIR_filter/Vivado/SRRC_FIR/SRRC_FIR.runs/synth_1
# Command line: vivado.exe -log srrc_fir_wrapper.vds -product Vivado -mode batch -messageDb vivado.pb -notrace -source srrc_fir_wrapper.tcl
# Log file: C:/Users/matte/Desktop/MAGISTRALE/I Anno/Electronic and Communication Systems/Electronic/Progetto/GitHub/SRRC_FIR_filter/Vivado/SRRC_FIR/SRRC_FIR.runs/synth_1/srrc_fir_wrapper.vds
# Journal file: C:/Users/matte/Desktop/MAGISTRALE/I Anno/Electronic and Communication Systems/Electronic/Progetto/GitHub/SRRC_FIR_filter/Vivado/SRRC_FIR/SRRC_FIR.runs/synth_1\vivado.jou
# Running On: DESKTOP-M1LA9CM, OS: Windows, CPU Frequency: 2592 MHz, CPU Physical cores: 6, Host memory: 16893 MB
#-----------------------------------------------------------
source srrc_fir_wrapper.tcl -notrace
